// Jest Snapshot v1, https://goo.gl/fbAQLP

exports[`GSelect should match snapshot when show is prop is given as false  1`] = `
<div
  class="g-select big"
>
  <div>
    <div
      class="g-field-wrapper -borderline big"
    >
      <!---->
       
      <div
        class="content"
      >
        <p
          class="valueText"
        />
         
        <div
          class="s-content g-d-none"
        >
          <!---->
           
          <div
            class="item"
          >
            <!---->
             
            <span
              class="text"
            >
              Text1
            </span>
          </div>
          <div
            class="item"
          >
            <!---->
             
            <span
              class="text"
            >
              Text2
            </span>
          </div>
        </div>
         
        <svg
          class="g-icon feather feather--chevron-down"
          dataName="chevron-down"
          dataTags=""
          dataType="chevron-down"
          fill="none"
          height="24px"
          stroke="var(--light-grey-500)"
          stroke-linecap="round"
          stroke-linejoin="round"
          stroke-width="2"
          viewBox="0 0 24 24"
          width="24px"
          xmlns="http://www.w3.org/2000/svg"
        >
          <polyline
            points="6 9 12 15 18 9"
          />
        </svg>
      </div>
       
      <!---->
    </div>
  </div>
</div>
`;

exports[`GSelect should render correct snapshot with given text and value keys 1`] = `
<div class="g-select big">
  <div>
    <div class="g-field-wrapper -borderline big">
      <!---->
      <div class="content">
        <p class="valueText"></p>
        <div class="s-content g-d-none">
          <!---->
          <div class="item">
            <!----> <span class="text">name1</span>
          </div>
          <div class="item">
            <!----> <span class="text">name2</span>
          </div>
          <div class="item">
            <!----> <span class="text">name3</span>
          </div>
        </div> <svg dataName="chevron-down" dataTags="" dataType="chevron-down" xmlns="http://www.w3.org/2000/svg" width="24px" height="24px" viewBox="0 0 24 24" fill="none" stroke="var(--light-grey-500)" stroke-width="2" stroke-linecap="round" stroke-linejoin="round" class="g-icon feather feather--chevron-down">
          <polyline points="6 9 12 15 18 9"></polyline>
        </svg>
      </div>
      <!---->
    </div>
  </div>
</div>
`;
